
> mobile-app-backend@1.0.0 start
> node server.js

Server running on port 3000
Error connecting to MySQL: AggregateError [ECONNREFUSED]:
    at internalConnectMultiple (node:net:1134:18)
    at afterConnectMultiple (node:net:1715:7) {
  code: 'ECONNREFUSED',
  fatal: true,
  [errors]: [
    Error: connect ECONNREFUSED ::1:3306
        at createConnectionError (node:net:1678:14)
        at afterConnectMultiple (node:net:1708:16) {
      errno: -111,
      code: 'ECONNREFUSED',
      syscall: 'connect',
      address: '::1',
      port: 3306
    },
    Error: connect ECONNREFUSED 127.0.0.1:3306
        at createConnectionError (node:net:1678:14)
        at afterConnectMultiple (node:net:1708:16) {
      errno: -111,
      code: 'ECONNREFUSED',
      syscall: 'connect',
      address: '127.0.0.1',
      port: 3306
    }
  ]
}
DB Error [/api/users/discover?search=&type=All&excludeId=0]: Can't add new command when connection is in closed state
Failed to log database error: Error: Can't add new command when connection is in closed state
    at Connection._addCommandClosedState (/app/backend/node_modules/mysql2/lib/base/connection.js:159:17)
    at Connection.query (/app/backend/node_modules/mysql2/lib/base/connection.js:604:17)
    at Query.onResult (/app/backend/server.js:695:16)
    at Connection._addCommandClosedState (/app/backend/node_modules/mysql2/lib/base/connection.js:164:11)
    at Connection.query (/app/backend/node_modules/mysql2/lib/base/connection.js:604:17)
    at dbQuery (/app/backend/server.js:689:8)
    at /app/backend/server.js:1382:5
    at Layer.handle [as handle_request] (/app/backend/node_modules/express/lib/router/layer.js:95:5)
    at next (/app/backend/node_modules/express/lib/router/route.js:149:13)
    at Route.dispatch (/app/backend/node_modules/express/lib/router/route.js:119:3) {
  fatal: true
}
DB Error [/api/products/discover?search=&type=All]: Can't add new command when connection is in closed state
Failed to log database error: Error: Can't add new command when connection is in closed state
    at Connection._addCommandClosedState (/app/backend/node_modules/mysql2/lib/base/connection.js:159:17)
    at Connection.query (/app/backend/node_modules/mysql2/lib/base/connection.js:604:17)
    at Query.onResult (/app/backend/server.js:695:16)
    at Connection._addCommandClosedState (/app/backend/node_modules/mysql2/lib/base/connection.js:164:11)
    at Connection.query (/app/backend/node_modules/mysql2/lib/base/connection.js:604:17)
    at dbQuery (/app/backend/server.js:689:8)
    at /app/backend/server.js:1414:5
    at Layer.handle [as handle_request] (/app/backend/node_modules/express/lib/router/layer.js:95:5)
    at next (/app/backend/node_modules/express/lib/router/route.js:149:13)
    at Route.dispatch (/app/backend/node_modules/express/lib/router/route.js:119:3) {
  fatal: true
}
DB Error [/api/services/discover?search=&type=All]: Can't add new command when connection is in closed state
Failed to log database error: Error: Can't add new command when connection is in closed state
    at Connection._addCommandClosedState (/app/backend/node_modules/mysql2/lib/base/connection.js:159:17)
    at Connection.query (/app/backend/node_modules/mysql2/lib/base/connection.js:604:17)
    at Query.onResult (/app/backend/server.js:695:16)
    at Connection._addCommandClosedState (/app/backend/node_modules/mysql2/lib/base/connection.js:164:11)
    at Connection.query (/app/backend/node_modules/mysql2/lib/base/connection.js:604:17)
    at dbQuery (/app/backend/server.js:689:8)
    at /app/backend/server.js:1535:5
    at Layer.handle [as handle_request] (/app/backend/node_modules/express/lib/router/layer.js:95:5)
    at next (/app/backend/node_modules/express/lib/router/route.js:149:13)
    at Route.dispatch (/app/backend/node_modules/express/lib/router/route.js:119:3) {
  fatal: true
}
