No REDIS_URL found, starting in-memory Redis server...
Server running on port 3000
Error initializing database: AggregateError [ECONNREFUSED]:
    at internalConnectMultiple (node:net:1134:18)
    at afterConnectMultiple (node:net:1715:7) {
  code: 'ECONNREFUSED',
  fatal: true,
  [errors]: [
    Error: connect ECONNREFUSED ::1:3306
        at createConnectionError (node:net:1678:14)
        at afterConnectMultiple (node:net:1708:16) {
      errno: -111,
      code: 'ECONNREFUSED',
      syscall: 'connect',
      address: '::1',
      port: 3306
    },
    Error: connect ECONNREFUSED 127.0.0.1:3306
        at createConnectionError (node:net:1678:14)
        at afterConnectMultiple (node:net:1708:16) {
      errno: -111,
      code: 'ECONNREFUSED',
      syscall: 'connect',
      address: '127.0.0.1',
      port: 3306
    }
  ]
}
/app/backend/node_modules/sequelize/lib/dialects/mysql/connection-manager.js:92
          throw new SequelizeErrors.ConnectionRefusedError(err);
                ^

ConnectionRefusedError [SequelizeConnectionRefusedError]
    at ConnectionManager.connect (/app/backend/node_modules/sequelize/lib/dialects/mysql/connection-manager.js:92:17)
    at process.processTicksAndRejections (node:internal/process/task_queues:103:5)
    at async ConnectionManager._connect (/app/backend/node_modules/sequelize/lib/dialects/abstract/connection-manager.js:222:24)
    at async /app/backend/node_modules/sequelize/lib/dialects/abstract/connection-manager.js:174:32
    at async ConnectionManager.getConnection (/app/backend/node_modules/sequelize/lib/dialects/abstract/connection-manager.js:197:7)
    at async /app/backend/node_modules/sequelize/lib/sequelize.js:305:26
    at async Sequelize.authenticate (/app/backend/node_modules/sequelize/lib/sequelize.js:457:5)
    at async /app/backend/server.js:127:9 {
  parent: AggregateError [ECONNREFUSED]:
      at internalConnectMultiple (node:net:1134:18)
      at afterConnectMultiple (node:net:1715:7) {
    code: 'ECONNREFUSED',
    fatal: true,
    [errors]: [
      Error: connect ECONNREFUSED ::1:3306
          at createConnectionError (node:net:1678:14)
          at afterConnectMultiple (node:net:1708:16) {
        errno: -111,
        code: 'ECONNREFUSED',
        syscall: 'connect',
        address: '::1',
        port: 3306
      },
      Error: connect ECONNREFUSED 127.0.0.1:3306
          at createConnectionError (node:net:1678:14)
          at afterConnectMultiple (node:net:1708:16) {
        errno: -111,
        code: 'ECONNREFUSED',
        syscall: 'connect',
        address: '127.0.0.1',
        port: 3306
      }
    ]
  },
  original: AggregateError [ECONNREFUSED]:
      at internalConnectMultiple (node:net:1134:18)
      at afterConnectMultiple (node:net:1715:7) {
    code: 'ECONNREFUSED',
    fatal: true,
    [errors]: [
      Error: connect ECONNREFUSED ::1:3306
          at createConnectionError (node:net:1678:14)
          at afterConnectMultiple (node:net:1708:16) {
        errno: -111,
        code: 'ECONNREFUSED',
        syscall: 'connect',
        address: '::1',
        port: 3306
      },
      Error: connect ECONNREFUSED 127.0.0.1:3306
          at createConnectionError (node:net:1678:14)
          at afterConnectMultiple (node:net:1708:16) {
        errno: -111,
        code: 'ECONNREFUSED',
        syscall: 'connect',
        address: '127.0.0.1',
        port: 3306
      }
    ]
  }
}

Node.js v22.22.1
